10:58:40 **** Build of configuration Debug for project MB_TestDRAMinPS ****
make all 
Building file: ../src/memory_config_g.c
Invoking: MicroBlaze gcc compiler
mb-gcc -Wall -O0 -g3 -c -fmessage-length=0 -MT"src/memory_config_g.o" -I../../MB_TestDRAMinPS_bsp/microblaze_0/include -mlittle-endian -mcpu=v11.0 -mxl-soft-mul -Wl,--no-relax -ffunction-sections -fdata-sections -MMD -MP -MF"src/memory_config_g.d" -MT"src/memory_config_g.o" -o "src/memory_config_g.o" "../src/memory_config_g.c"
Finished building: ../src/memory_config_g.c
 
Building file: ../src/memorytest.c
Invoking: MicroBlaze gcc compiler
mb-gcc -Wall -O0 -g3 -c -fmessage-length=0 -MT"src/memorytest.o" -I../../MB_TestDRAMinPS_bsp/microblaze_0/include -mlittle-endian -mcpu=v11.0 -mxl-soft-mul -Wl,--no-relax -ffunction-sections -fdata-sections -MMD -MP -MF"src/memorytest.d" -MT"src/memorytest.o" -o "src/memorytest.o" "../src/memorytest.c"
Finished building: ../src/memorytest.c
 
Building file: ../src/platform.c
Invoking: MicroBlaze gcc compiler
mb-gcc -Wall -O0 -g3 -c -fmessage-length=0 -MT"src/platform.o" -I../../MB_TestDRAMinPS_bsp/microblaze_0/include -mlittle-endian -mcpu=v11.0 -mxl-soft-mul -Wl,--no-relax -ffunction-sections -fdata-sections -MMD -MP -MF"src/platform.d" -MT"src/platform.o" -o "src/platform.o" "../src/platform.c"
Finished building: ../src/platform.c
 
Building target: MB_TestDRAMinPS.elf
Invoking: MicroBlaze gcc linker
mb-gcc -Wl,-T -Wl,../src/lscript.ld -L../../MB_TestDRAMinPS_bsp/microblaze_0/lib -mlittle-endian -mcpu=v11.0 -mxl-soft-mul -Wl,--no-relax -Wl,--gc-sections -o "MB_TestDRAMinPS.elf"  ./src/memory_config_g.o ./src/memorytest.o ./src/platform.o   -Wl,--start-group,-lxil,-lgcc,-lc,--end-group
Finished building target: MB_TestDRAMinPS.elf
 
Invoking: MicroBlaze Print Size
mb-size MB_TestDRAMinPS.elf  |tee "MB_TestDRAMinPS.elf.size"
   text	   data	    bss	    dec	    hex	filename
   8536	    308	   1068	   9912	   26b8	MB_TestDRAMinPS.elf
Finished building: MB_TestDRAMinPS.elf.size
 

10:58:40 Build Finished (took 107ms)

