22:50:51 **** Auto Build of configuration Debug for project PS_core_0 ****
make pre-build main-build 
a9-linaro-pre-build-step
 
Building file: ../src/helloworld.c
Invoking: ARM v7 gcc compiler
arm-none-eabi-gcc -Wall -O0 -g3 -c -fmessage-length=0 -MT"src/helloworld.o" -mcpu=cortex-a9 -mfpu=vfpv3 -mfloat-abi=hard -I../../PS_core_0_bsp/ps7_cortexa9_0/include -MMD -MP -MF"src/helloworld.d" -MT"src/helloworld.o" -o "src/helloworld.o" "../src/helloworld.c"
../src/helloworld.c: In function 'main':
../src/helloworld.c:78:39: warning: format '%u' expects argument of type 'unsigned int', but argument 3 has type 'u32' {aka 'volatile long unsigned int'} [-Wformat=]
      sprintf(buf1, "[PS] DRAM1_VAL = %u \n\r", DRAM1_VAL);
                                      ~^
                                      %lu
../src/helloworld.c:79:37: warning: format '%u' expects argument of type 'unsigned int', but argument 3 has type 'u32' {aka 'volatile long unsigned int'} [-Wformat=]
      sprintf(buf2, "[PS] RT1_VAL = %u \n\r", RT1_VAL);
                                    ~^
                                    %lu
../src/helloworld.c:80:37: warning: format '%u' expects argument of type 'unsigned int', but argument 3 has type 'u32' {aka 'volatile long unsigned int'} [-Wformat=]
      sprintf(buf3, "[PS] RT2_VAL = %u \n\r", RT2_VAL);
                                    ~^
                                    %lu
Finished building: ../src/helloworld.c
 
Building target: PS_core_0.elf
Invoking: ARM v7 gcc linker
arm-none-eabi-gcc -mcpu=cortex-a9 -mfpu=vfpv3 -mfloat-abi=hard -Wl,-build-id=none -specs=Xilinx.spec -Wl,-T -Wl,../src/lscript.ld -L../../PS_core_0_bsp/ps7_cortexa9_0/lib -o "PS_core_0.elf"  ./src/helloworld.o ./src/platform.o   -Wl,--start-group,-lxil,-lgcc,-lc,--end-group
Finished building target: PS_core_0.elf
 
Invoking: ARM v7 Print Size
arm-none-eabi-size PS_core_0.elf  |tee "PS_core_0.elf.size"
   text	   data	    bss	    dec	    hex	filename
  53576	   2584	  23328	  79488	  13680	PS_core_0.elf
Finished building: PS_core_0.elf.size
 

22:50:52 Build Finished (took 472ms)

